// Jest Snapshot v1, https://goo.gl/fbAQLP

exports[`Title renders Title snapshot 1`] = `
<DocumentFragment>
  <h1
    class="Title__TitleString-iozHt jOucPY"
  >
    <strong
      class="Title__NetflixTitleString-kEdzHV gzgyDA"
    >
      netflix
    </strong>
    roulette
  </h1>
</DocumentFragment>
`;
